2025-03-18 11:03:03 INFO  Utils:112 - [Utils] MethodGroupsHelper.collectMethodsByGroup() took 2 ms.
2025-03-18 11:03:03 INFO  Utils:112 - [Utils] MethodGroupsHelper.sortMethods() took 4 ms.
2025-03-18 11:03:03 INFO  Utils:112 - [Utils] MethodGroupsHelper.collectMethodsByGroup() took 0 ms.
2025-03-18 11:03:03 INFO  Utils:112 - [Utils] MethodGroupsHelper.sortMethods() took 0 ms.
2025-03-18 11:03:03 INFO  Utils:112 - [Utils] MethodGroupsHelper.collectMethodsByGroup() took 0 ms.
2025-03-18 11:03:04 INFO  Utils:112 - [Utils] MethodGroupsHelper.sortMethods() took 0 ms.
2025-03-18 11:03:04 INFO  Utils:112 - [Utils] MethodGroupsHelper.collectMethodsByGroup() took 0 ms.
2025-03-18 11:03:04 INFO  Utils:112 - [Utils] MethodGroupsHelper.sortMethods() took 0 ms.
2025-03-18 11:03:04 INFO  Utils:112 - [Utils] MethodGroupsHelper.collectMethodsByGroup() took 7 ms.
2025-03-18 11:03:04 INFO  Utils:112 - [Utils] MethodGroupsHelper.sortMethods() took 61 ms.
2025-03-18 11:03:04 INFO  Utils:112 - [Utils] MethodGroupsHelper.collectMethodsByGroup() took 0 ms.
2025-03-18 11:03:04 INFO  Utils:112 - [Utils] MethodGroupsHelper.sortMethods() took 0 ms.
2025-03-18 11:03:04 INFO  Utils:112 - [Utils] MethodGroupsHelper.collectMethodsByGroup() took 0 ms.
2025-03-18 11:03:04 INFO  Utils:112 - [Utils] MethodGroupsHelper.sortMethods() took 0 ms.
2025-03-18 11:03:04 INFO  Utils:112 - [Utils] MethodGroupsHelper.collectMethodsByGroup() took 0 ms.
2025-03-18 11:03:04 INFO  Utils:112 - [Utils] MethodGroupsHelper.sortMethods() took 0 ms.
2025-03-18 11:03:04 INFO  Utils:112 - [Utils] MethodGroupsHelper.collectMethodsByGroup() took 0 ms.
2025-03-18 11:03:04 INFO  Utils:112 - [Utils] MethodGroupsHelper.sortMethods() took 0 ms.
2025-03-18 11:03:04 INFO  Utils:112 - [Utils] MethodGroupsHelper.collectMethodsByGroup() took 0 ms.
2025-03-18 11:03:04 INFO  Utils:112 - [Utils] MethodGroupsHelper.sortMethods() took 0 ms.
2025-03-18 11:03:04 INFO  Utils:112 - [Utils] MethodGroupsHelper.collectMethodsByGroup() took 0 ms.
2025-03-18 11:03:04 INFO  Utils:112 - [Utils] MethodGroupsHelper.sortMethods() took 0 ms.
2025-03-18 11:03:04 INFO  Utils:112 - [Utils] MethodGroupsHelper.collectMethodsByGroup() took 0 ms.
2025-03-18 11:03:04 INFO  Utils:112 - [Utils] MethodGroupsHelper.sortMethods() took 0 ms.
2025-03-18 11:03:04 INFO  Utils:112 - [Utils] MethodGroupsHelper.collectMethodsByGroup() took 3 ms.
2025-03-18 11:03:04 INFO  Utils:112 - [Utils] MethodGroupsHelper.sortMethods() took 1 ms.
2025-03-18 11:03:04 INFO  Utils:112 - [Utils] MethodGroupsHelper.collectMethodsByGroup() took 0 ms.
2025-03-18 11:03:04 INFO  Utils:112 - [Utils] MethodGroupsHelper.sortMethods() took 0 ms.
2025-03-18 11:03:04 INFO  Utils:112 - [Utils] MethodGroupsHelper.collectMethodsByGroup() took 0 ms.
2025-03-18 11:03:04 INFO  Utils:112 - [Utils] MethodGroupsHelper.sortMethods() took 0 ms.
2025-03-18 11:03:04 INFO  Utils:112 - [TestNG] Running:
  C:\Users\mp66995\AppData\Local\Temp\testng-eclipse-1920754758\testng-customsuite.xml

2025-03-18 11:03:04 INFO  Utils:112 - [Utils] DynamicGraphHelper.createDynamicGraph() took 18 ms.
2025-03-18 11:03:05 INFO  Utils:112 - [TestNG] Time taken by org.testng.reporters.jq.Main@4f8969b0: 509 ms
2025-03-18 11:03:05 INFO  Utils:112 - [TestNG] Time taken by org.testng.reporters.FailedReporter@7bb3a9fe: 48 ms
2025-03-18 11:03:05 INFO  Utils:112 - [TestNG] Time taken by org.testng.reporters.XMLReporter@3f19b8b3: 38 ms
2025-03-18 11:03:05 INFO  Utils:112 - [TestNG] Time taken by org.testng.reporters.EmailableReporter2@1950e8a6: 29 ms
2025-03-18 11:03:05 INFO  Utils:112 - [TestNG] Time taken by org.testng.reporters.JUnitReportReporter@37eeec90: 23 ms
2025-03-18 11:03:05 INFO  Utils:112 - [TestNG] Time taken by org.testng.internal.ExitCodeListener@32fe9d0a: 1 ms
2025-03-18 11:04:07 INFO  Utils:112 - [TestNG] Running:
  C:\Users\mp66995\Desktop\eclipse\workspace\EXCELL_CMS\testnglogin.xml

2025-03-18 11:04:22 INFO  loginTest:12 - test login starting
2025-03-18 11:04:24 INFO  loginTest:15 - username entered
2025-03-18 11:04:24 INFO  loginTest:17 - password entered
2025-03-18 11:04:27 INFO  loginTest:20 - login page screen shot
2025-03-18 11:04:33 INFO  loginTest:22 - clicked on submit button on login page
2025-03-18 11:06:54 INFO  Utils:112 - [TestNG] Running:
  C:\Users\mp66995\Desktop\eclipse\workspace\EXCELL_CMS\testnglogin.xml

2025-03-18 11:08:47 INFO  Utils:112 - [TestNG] Running:
  C:\Users\mp66995\Desktop\eclipse\workspace\EXCELL_CMS\testnglogin.xml

2025-03-18 11:09:01 INFO  loginTest:13 - test login starting
2025-03-18 11:09:01 INFO  loginTest:16 - username entered
2025-03-18 11:09:02 INFO  loginTest:18 - password entered
2025-03-18 11:09:05 INFO  loginTest:21 - login page screen shot
2025-03-18 11:09:14 INFO  loginTest:23 - clicked on submit button on login page
2025-03-18 11:10:44 INFO  Utils:112 - [TestNG] Running:
  C:\Users\mp66995\Desktop\eclipse\workspace\EXCELL_CMS\testnglogin.xml

2025-03-18 11:14:48 INFO  Utils:112 - [TestNG] Running:
  C:\Users\mp66995\Desktop\eclipse\workspace\EXCELL_CMS\testnglogin.xml

2025-03-18 11:16:25 INFO  Utils:112 - [TestNG] Running:
  C:\Users\mp66995\Desktop\eclipse\workspace\EXCELL_CMS\testnglogin.xml

2025-03-18 11:17:42 INFO  Utils:112 - [Utils] MethodGroupsHelper.collectMethodsByGroup() took 20 ms.
2025-03-18 11:17:42 INFO  Utils:112 - [Utils] MethodGroupsHelper.sortMethods() took 51 ms.
2025-03-18 11:17:42 INFO  Utils:112 - [Utils] MethodGroupsHelper.collectMethodsByGroup() took 0 ms.
2025-03-18 11:17:42 INFO  Utils:112 - [Utils] MethodGroupsHelper.sortMethods() took 0 ms.
2025-03-18 11:17:42 INFO  Utils:112 - [Utils] MethodGroupsHelper.collectMethodsByGroup() took 0 ms.
2025-03-18 11:17:42 INFO  Utils:112 - [Utils] MethodGroupsHelper.sortMethods() took 0 ms.
2025-03-18 11:17:42 INFO  Utils:112 - [Utils] MethodGroupsHelper.collectMethodsByGroup() took 0 ms.
2025-03-18 11:17:42 INFO  Utils:112 - [Utils] MethodGroupsHelper.sortMethods() took 0 ms.
2025-03-18 11:17:42 INFO  Utils:112 - [Utils] MethodGroupsHelper.collectMethodsByGroup() took 0 ms.
2025-03-18 11:17:42 INFO  Utils:112 - [Utils] MethodGroupsHelper.sortMethods() took 0 ms.
2025-03-18 11:17:42 INFO  Utils:112 - [Utils] MethodGroupsHelper.collectMethodsByGroup() took 0 ms.
2025-03-18 11:17:42 INFO  Utils:112 - [Utils] MethodGroupsHelper.sortMethods() took 0 ms.
2025-03-18 11:17:42 INFO  Utils:112 - [Utils] MethodGroupsHelper.collectMethodsByGroup() took 0 ms.
2025-03-18 11:17:42 INFO  Utils:112 - [Utils] MethodGroupsHelper.sortMethods() took 0 ms.
2025-03-18 11:17:42 INFO  Utils:112 - [Utils] MethodGroupsHelper.collectMethodsByGroup() took 0 ms.
2025-03-18 11:17:42 INFO  Utils:112 - [Utils] MethodGroupsHelper.sortMethods() took 0 ms.
2025-03-18 11:17:42 INFO  Utils:112 - [Utils] MethodGroupsHelper.collectMethodsByGroup() took 0 ms.
2025-03-18 11:17:42 INFO  Utils:112 - [Utils] MethodGroupsHelper.sortMethods() took 0 ms.
2025-03-18 11:17:42 INFO  Utils:112 - [Utils] MethodGroupsHelper.collectMethodsByGroup() took 0 ms.
2025-03-18 11:17:42 INFO  Utils:112 - [Utils] MethodGroupsHelper.sortMethods() took 0 ms.
2025-03-18 11:17:42 INFO  Utils:112 - [Utils] MethodGroupsHelper.collectMethodsByGroup() took 1 ms.
2025-03-18 11:17:42 INFO  Utils:112 - [Utils] MethodGroupsHelper.sortMethods() took 1 ms.
2025-03-18 11:17:42 INFO  Utils:112 - [Utils] MethodGroupsHelper.collectMethodsByGroup() took 0 ms.
2025-03-18 11:17:42 INFO  Utils:112 - [Utils] MethodGroupsHelper.sortMethods() took 0 ms.
2025-03-18 11:17:42 INFO  Utils:112 - [Utils] MethodGroupsHelper.collectMethodsByGroup() took 0 ms.
2025-03-18 11:17:42 INFO  Utils:112 - [Utils] MethodGroupsHelper.sortMethods() took 0 ms.
2025-03-18 11:17:42 INFO  Utils:112 - [Utils] MethodGroupsHelper.collectMethodsByGroup() took 0 ms.
2025-03-18 11:17:42 INFO  Utils:112 - [Utils] MethodGroupsHelper.sortMethods() took 0 ms.
2025-03-18 11:17:42 INFO  Utils:112 - [Utils] MethodGroupsHelper.collectMethodsByGroup() took 0 ms.
2025-03-18 11:17:42 INFO  Utils:112 - [Utils] MethodGroupsHelper.sortMethods() took 0 ms.
2025-03-18 11:17:42 INFO  Utils:112 - [TestNG] Running:
  C:\Users\mp66995\AppData\Local\Temp\testng-eclipse--285119076\testng-customsuite.xml

2025-03-18 11:17:43 INFO  Utils:112 - [Utils] DynamicGraphHelper.createDynamicGraph() took 14 ms.
2025-03-18 11:17:43 INFO  Utils:112 - [TestNG] Time taken by org.testng.reporters.jq.Main@5217f3d0: 644 ms
2025-03-18 11:17:43 INFO  Utils:112 - [TestNG] Time taken by org.testng.reporters.FailedReporter@2fab4aff: 65 ms
2025-03-18 11:17:43 INFO  Utils:112 - [TestNG] Time taken by org.testng.reporters.XMLReporter@4089713: 35 ms
2025-03-18 11:17:43 INFO  Utils:112 - [TestNG] Time taken by org.testng.reporters.EmailableReporter2@a486d78: 20 ms
2025-03-18 11:17:44 INFO  Utils:112 - [TestNG] Time taken by org.testng.reporters.JUnitReportReporter@49f5c307: 20 ms
2025-03-18 11:17:44 INFO  Utils:112 - [TestNG] Time taken by org.testng.internal.ExitCodeListener@299266e2: 1 ms
2025-03-18 11:18:37 INFO  Utils:112 - [Utils] MethodGroupsHelper.collectMethodsByGroup() took 0 ms.
2025-03-18 11:18:37 INFO  Utils:112 - [Utils] MethodGroupsHelper.sortMethods() took 2 ms.
2025-03-18 11:18:37 INFO  Utils:112 - [Utils] MethodGroupsHelper.collectMethodsByGroup() took 0 ms.
2025-03-18 11:18:37 INFO  Utils:112 - [Utils] MethodGroupsHelper.sortMethods() took 0 ms.
2025-03-18 11:18:37 INFO  Utils:112 - [Utils] MethodGroupsHelper.collectMethodsByGroup() took 0 ms.
2025-03-18 11:18:37 INFO  Utils:112 - [Utils] MethodGroupsHelper.sortMethods() took 0 ms.
2025-03-18 11:18:37 INFO  Utils:112 - [Utils] MethodGroupsHelper.collectMethodsByGroup() took 0 ms.
2025-03-18 11:18:37 INFO  Utils:112 - [Utils] MethodGroupsHelper.sortMethods() took 0 ms.
2025-03-18 11:18:37 INFO  Utils:112 - [Utils] MethodGroupsHelper.collectMethodsByGroup() took 0 ms.
2025-03-18 11:18:37 INFO  Utils:112 - [Utils] MethodGroupsHelper.sortMethods() took 0 ms.
2025-03-18 11:18:37 INFO  Utils:112 - [Utils] MethodGroupsHelper.collectMethodsByGroup() took 0 ms.
2025-03-18 11:18:37 INFO  Utils:112 - [Utils] MethodGroupsHelper.sortMethods() took 0 ms.
2025-03-18 11:18:37 INFO  Utils:112 - [Utils] MethodGroupsHelper.collectMethodsByGroup() took 0 ms.
2025-03-18 11:18:37 INFO  Utils:112 - [Utils] MethodGroupsHelper.sortMethods() took 0 ms.
2025-03-18 11:18:37 INFO  Utils:112 - [Utils] MethodGroupsHelper.collectMethodsByGroup() took 0 ms.
2025-03-18 11:18:37 INFO  Utils:112 - [Utils] MethodGroupsHelper.sortMethods() took 1 ms.
2025-03-18 11:18:37 INFO  Utils:112 - [Utils] MethodGroupsHelper.collectMethodsByGroup() took 0 ms.
2025-03-18 11:18:37 INFO  Utils:112 - [Utils] MethodGroupsHelper.sortMethods() took 0 ms.
2025-03-18 11:18:37 INFO  Utils:112 - [Utils] MethodGroupsHelper.collectMethodsByGroup() took 0 ms.
2025-03-18 11:18:37 INFO  Utils:112 - [Utils] MethodGroupsHelper.sortMethods() took 0 ms.
2025-03-18 11:18:37 INFO  Utils:112 - [Utils] MethodGroupsHelper.collectMethodsByGroup() took 0 ms.
2025-03-18 11:18:37 INFO  Utils:112 - [Utils] MethodGroupsHelper.sortMethods() took 0 ms.
2025-03-18 11:18:37 INFO  Utils:112 - [Utils] MethodGroupsHelper.collectMethodsByGroup() took 0 ms.
2025-03-18 11:18:37 INFO  Utils:112 - [Utils] MethodGroupsHelper.sortMethods() took 0 ms.
2025-03-18 11:18:37 INFO  Utils:112 - [Utils] MethodGroupsHelper.collectMethodsByGroup() took 6 ms.
2025-03-18 11:18:37 INFO  Utils:112 - [Utils] MethodGroupsHelper.sortMethods() took 16 ms.
2025-03-18 11:18:37 INFO  Utils:112 - [Utils] MethodGroupsHelper.collectMethodsByGroup() took 0 ms.
2025-03-18 11:18:37 INFO  Utils:112 - [Utils] MethodGroupsHelper.sortMethods() took 0 ms.
2025-03-18 11:18:37 INFO  Utils:112 - [Utils] MethodGroupsHelper.collectMethodsByGroup() took 0 ms.
2025-03-18 11:18:37 INFO  Utils:112 - [Utils] MethodGroupsHelper.sortMethods() took 0 ms.
2025-03-18 11:18:37 INFO  Utils:112 - [TestNG] Running:
  C:\Users\mp66995\AppData\Local\Temp\testng-eclipse--1292948301\testng-customsuite.xml

2025-03-18 11:18:37 INFO  Utils:112 - [Utils] DynamicGraphHelper.createDynamicGraph() took 9 ms.
2025-03-18 11:18:59 INFO  Utils:112 - [TestNG] Time taken by org.testng.reporters.jq.Main@121c54fa: 1333 ms
2025-03-18 11:18:59 INFO  Utils:112 - [TestNG] Time taken by org.testng.reporters.FailedReporter@4349754: 102 ms
2025-03-18 11:18:59 INFO  Utils:112 - [TestNG] Time taken by org.testng.reporters.XMLReporter@7abe27bf: 85 ms
2025-03-18 11:18:59 INFO  Utils:112 - [TestNG] Time taken by org.testng.reporters.EmailableReporter2@4a3be6a5: 22 ms
2025-03-18 11:18:59 INFO  Utils:112 - [TestNG] Time taken by org.testng.reporters.JUnitReportReporter@f202d6d: 72 ms
2025-03-18 11:18:59 INFO  Utils:112 - [TestNG] Time taken by org.testng.internal.ExitCodeListener@60e21209: 0 ms
2025-03-18 11:25:24 INFO  Utils:112 - [TestNG] Running:
  C:\Users\mp66995\Desktop\eclipse\workspace\EXCELL_CMS\testnglogin.xml

2025-03-18 11:26:22 INFO  Utils:112 - [TestNG] Running:
  C:\Users\mp66995\Desktop\eclipse\workspace\EXCELL_CMS\testnglogin.xml

2025-03-18 11:28:20 INFO  Utils:112 - [TestNG] Running:
  C:\Users\mp66995\Desktop\eclipse\workspace\EXCELL_CMS\testnglogin.xml

2025-03-18 11:29:17 INFO  Utils:112 - [TestNG] Running:
  C:\Users\mp66995\Desktop\eclipse\workspace\EXCELL_CMS\testnglogin.xml

2025-03-18 11:31:57 INFO  Utils:112 - [TestNG] Running:
  C:\Users\mp66995\Desktop\eclipse\workspace\EXCELL_CMS\testnglogin.xml

2025-03-18 11:32:14 INFO  Utils:112 - [TestNG] Running:
  C:\Users\mp66995\Desktop\eclipse\workspace\EXCELL_CMS\testnglogin.xml

2025-03-18 11:35:16 INFO  Utils:112 - [Utils] MethodGroupsHelper.collectMethodsByGroup() took 18 ms.
2025-03-18 11:35:16 INFO  Utils:112 - [Utils] MethodGroupsHelper.sortMethods() took 43 ms.
2025-03-18 11:35:16 INFO  Utils:112 - [Utils] MethodGroupsHelper.collectMethodsByGroup() took 0 ms.
2025-03-18 11:35:16 INFO  Utils:112 - [Utils] MethodGroupsHelper.sortMethods() took 0 ms.
2025-03-18 11:35:16 INFO  Utils:112 - [Utils] MethodGroupsHelper.collectMethodsByGroup() took 0 ms.
2025-03-18 11:35:16 INFO  Utils:112 - [Utils] MethodGroupsHelper.sortMethods() took 0 ms.
2025-03-18 11:35:16 INFO  Utils:112 - [Utils] MethodGroupsHelper.collectMethodsByGroup() took 0 ms.
2025-03-18 11:35:16 INFO  Utils:112 - [Utils] MethodGroupsHelper.sortMethods() took 0 ms.
2025-03-18 11:35:16 INFO  Utils:112 - [Utils] MethodGroupsHelper.collectMethodsByGroup() took 0 ms.
2025-03-18 11:35:16 INFO  Utils:112 - [Utils] MethodGroupsHelper.sortMethods() took 0 ms.
2025-03-18 11:35:16 INFO  Utils:112 - [Utils] MethodGroupsHelper.collectMethodsByGroup() took 0 ms.
2025-03-18 11:35:16 INFO  Utils:112 - [Utils] MethodGroupsHelper.sortMethods() took 0 ms.
2025-03-18 11:35:16 INFO  Utils:112 - [Utils] MethodGroupsHelper.collectMethodsByGroup() took 0 ms.
2025-03-18 11:35:16 INFO  Utils:112 - [Utils] MethodGroupsHelper.sortMethods() took 0 ms.
2025-03-18 11:35:16 INFO  Utils:112 - [Utils] MethodGroupsHelper.collectMethodsByGroup() took 0 ms.
2025-03-18 11:35:16 INFO  Utils:112 - [Utils] MethodGroupsHelper.sortMethods() took 0 ms.
2025-03-18 11:35:16 INFO  Utils:112 - [Utils] MethodGroupsHelper.collectMethodsByGroup() took 0 ms.
2025-03-18 11:35:16 INFO  Utils:112 - [Utils] MethodGroupsHelper.sortMethods() took 0 ms.
2025-03-18 11:35:16 INFO  Utils:112 - [Utils] MethodGroupsHelper.collectMethodsByGroup() took 0 ms.
2025-03-18 11:35:16 INFO  Utils:112 - [Utils] MethodGroupsHelper.sortMethods() took 0 ms.
2025-03-18 11:35:16 INFO  Utils:112 - [Utils] MethodGroupsHelper.collectMethodsByGroup() took 1 ms.
2025-03-18 11:35:16 INFO  Utils:112 - [Utils] MethodGroupsHelper.sortMethods() took 1 ms.
2025-03-18 11:35:16 INFO  Utils:112 - [Utils] MethodGroupsHelper.collectMethodsByGroup() took 0 ms.
2025-03-18 11:35:16 INFO  Utils:112 - [Utils] MethodGroupsHelper.sortMethods() took 0 ms.
2025-03-18 11:35:16 INFO  Utils:112 - [Utils] MethodGroupsHelper.collectMethodsByGroup() took 0 ms.
2025-03-18 11:35:16 INFO  Utils:112 - [Utils] MethodGroupsHelper.sortMethods() took 0 ms.
2025-03-18 11:35:16 INFO  Utils:112 - [Utils] MethodGroupsHelper.collectMethodsByGroup() took 0 ms.
2025-03-18 11:35:16 INFO  Utils:112 - [Utils] MethodGroupsHelper.sortMethods() took 0 ms.
2025-03-18 11:35:16 INFO  Utils:112 - [Utils] MethodGroupsHelper.collectMethodsByGroup() took 0 ms.
2025-03-18 11:35:16 INFO  Utils:112 - [Utils] MethodGroupsHelper.sortMethods() took 0 ms.
2025-03-18 11:35:16 INFO  Utils:112 - [TestNG] Running:
  C:\Users\mp66995\AppData\Local\Temp\testng-eclipse--317724210\testng-customsuite.xml

2025-03-18 11:35:16 INFO  Utils:112 - [Utils] DynamicGraphHelper.createDynamicGraph() took 9 ms.
2025-03-18 11:35:17 INFO  Utils:112 - [TestNG] Time taken by org.testng.reporters.jq.Main@332a7fce: 335 ms
2025-03-18 11:35:17 INFO  Utils:112 - [TestNG] Time taken by org.testng.reporters.FailedReporter@8a589a2: 56 ms
2025-03-18 11:35:17 INFO  Utils:112 - [TestNG] Time taken by org.testng.reporters.XMLReporter@7bb3a9fe: 51 ms
2025-03-18 11:35:17 INFO  Utils:112 - [TestNG] Time taken by org.testng.reporters.EmailableReporter2@4cc76301: 28 ms
2025-03-18 11:35:17 INFO  Utils:112 - [TestNG] Time taken by org.testng.reporters.JUnitReportReporter@7ef2d7a6: 21 ms
2025-03-18 11:35:17 INFO  Utils:112 - [TestNG] Time taken by org.testng.internal.ExitCodeListener@5dcbb60: 0 ms
2025-03-18 11:37:04 INFO  Utils:112 - [Utils] MethodGroupsHelper.collectMethodsByGroup() took 25 ms.
2025-03-18 11:37:04 INFO  Utils:112 - [Utils] MethodGroupsHelper.sortMethods() took 43 ms.
2025-03-18 11:37:04 INFO  Utils:112 - [Utils] MethodGroupsHelper.collectMethodsByGroup() took 0 ms.
2025-03-18 11:37:04 INFO  Utils:112 - [Utils] MethodGroupsHelper.sortMethods() took 0 ms.
2025-03-18 11:37:04 INFO  Utils:112 - [Utils] MethodGroupsHelper.collectMethodsByGroup() took 0 ms.
2025-03-18 11:37:05 INFO  Utils:112 - [Utils] MethodGroupsHelper.sortMethods() took 0 ms.
2025-03-18 11:37:05 INFO  Utils:112 - [Utils] MethodGroupsHelper.collectMethodsByGroup() took 0 ms.
2025-03-18 11:37:05 INFO  Utils:112 - [Utils] MethodGroupsHelper.sortMethods() took 0 ms.
2025-03-18 11:37:05 INFO  Utils:112 - [Utils] MethodGroupsHelper.collectMethodsByGroup() took 1 ms.
2025-03-18 11:37:05 INFO  Utils:112 - [Utils] MethodGroupsHelper.sortMethods() took 2 ms.
2025-03-18 11:37:05 INFO  Utils:112 - [Utils] MethodGroupsHelper.collectMethodsByGroup() took 0 ms.
2025-03-18 11:37:05 INFO  Utils:112 - [Utils] MethodGroupsHelper.sortMethods() took 1 ms.
2025-03-18 11:37:05 INFO  Utils:112 - [Utils] MethodGroupsHelper.collectMethodsByGroup() took 0 ms.
2025-03-18 11:37:05 INFO  Utils:112 - [Utils] MethodGroupsHelper.sortMethods() took 0 ms.
2025-03-18 11:37:05 INFO  Utils:112 - [Utils] MethodGroupsHelper.collectMethodsByGroup() took 0 ms.
2025-03-18 11:37:05 INFO  Utils:112 - [Utils] MethodGroupsHelper.sortMethods() took 0 ms.
2025-03-18 11:37:05 INFO  Utils:112 - [Utils] MethodGroupsHelper.collectMethodsByGroup() took 0 ms.
2025-03-18 11:37:05 INFO  Utils:112 - [Utils] MethodGroupsHelper.sortMethods() took 1 ms.
2025-03-18 11:37:05 INFO  Utils:112 - [Utils] MethodGroupsHelper.collectMethodsByGroup() took 0 ms.
2025-03-18 11:37:05 INFO  Utils:112 - [Utils] MethodGroupsHelper.sortMethods() took 0 ms.
2025-03-18 11:37:05 INFO  Utils:112 - [Utils] MethodGroupsHelper.collectMethodsByGroup() took 1 ms.
2025-03-18 11:37:05 INFO  Utils:112 - [Utils] MethodGroupsHelper.sortMethods() took 3 ms.
2025-03-18 11:37:05 INFO  Utils:112 - [Utils] MethodGroupsHelper.collectMethodsByGroup() took 0 ms.
2025-03-18 11:37:05 INFO  Utils:112 - [Utils] MethodGroupsHelper.sortMethods() took 0 ms.
2025-03-18 11:37:05 INFO  Utils:112 - [Utils] MethodGroupsHelper.collectMethodsByGroup() took 0 ms.
2025-03-18 11:37:05 INFO  Utils:112 - [Utils] MethodGroupsHelper.sortMethods() took 0 ms.
2025-03-18 11:37:05 INFO  Utils:112 - [Utils] MethodGroupsHelper.collectMethodsByGroup() took 0 ms.
2025-03-18 11:37:05 INFO  Utils:112 - [Utils] MethodGroupsHelper.sortMethods() took 0 ms.
2025-03-18 11:37:05 INFO  Utils:112 - [Utils] MethodGroupsHelper.collectMethodsByGroup() took 0 ms.
2025-03-18 11:37:05 INFO  Utils:112 - [Utils] MethodGroupsHelper.sortMethods() took 0 ms.
2025-03-18 11:37:05 INFO  Utils:112 - [TestNG] Running:
  C:\Users\mp66995\AppData\Local\Temp\testng-eclipse-1371628301\testng-customsuite.xml

2025-03-18 11:37:05 INFO  Utils:112 - [Utils] DynamicGraphHelper.createDynamicGraph() took 10 ms.
2025-03-18 11:37:06 INFO  Utils:112 - [TestNG] Time taken by org.testng.reporters.jq.Main@3d08f3f5: 650 ms
2025-03-18 11:37:06 INFO  Utils:112 - [TestNG] Time taken by org.testng.reporters.FailedReporter@119f1f2a: 1 ms
2025-03-18 11:37:06 INFO  Utils:112 - [TestNG] Time taken by org.testng.reporters.XMLReporter@18a3962d: 111 ms
2025-03-18 11:37:06 INFO  Utils:112 - [TestNG] Time taken by org.testng.reporters.EmailableReporter2@9635fa: 100 ms
2025-03-18 11:37:06 INFO  Utils:112 - [TestNG] Time taken by org.testng.reporters.JUnitReportReporter@5bda80bf: 38 ms
2025-03-18 11:37:06 INFO  Utils:112 - [TestNG] Time taken by org.testng.internal.ExitCodeListener@71e5f61d: 1 ms
2025-03-18 11:38:29 INFO  Utils:112 - [Utils] MethodGroupsHelper.collectMethodsByGroup() took 2 ms.
2025-03-18 11:38:29 INFO  Utils:112 - [Utils] MethodGroupsHelper.sortMethods() took 7 ms.
2025-03-18 11:38:29 INFO  Utils:112 - [Utils] MethodGroupsHelper.collectMethodsByGroup() took 0 ms.
2025-03-18 11:38:29 INFO  Utils:112 - [Utils] MethodGroupsHelper.sortMethods() took 0 ms.
2025-03-18 11:38:29 INFO  Utils:112 - [Utils] MethodGroupsHelper.collectMethodsByGroup() took 0 ms.
2025-03-18 11:38:29 INFO  Utils:112 - [Utils] MethodGroupsHelper.sortMethods() took 0 ms.
2025-03-18 11:38:29 INFO  Utils:112 - [Utils] MethodGroupsHelper.collectMethodsByGroup() took 0 ms.
2025-03-18 11:38:29 INFO  Utils:112 - [Utils] MethodGroupsHelper.sortMethods() took 0 ms.
2025-03-18 11:38:29 INFO  Utils:112 - [Utils] MethodGroupsHelper.collectMethodsByGroup() took 12 ms.
2025-03-18 11:38:29 INFO  Utils:112 - [Utils] MethodGroupsHelper.sortMethods() took 66 ms.
2025-03-18 11:38:29 INFO  Utils:112 - [Utils] MethodGroupsHelper.collectMethodsByGroup() took 0 ms.
2025-03-18 11:38:29 INFO  Utils:112 - [Utils] MethodGroupsHelper.sortMethods() took 0 ms.
2025-03-18 11:38:29 INFO  Utils:112 - [Utils] MethodGroupsHelper.collectMethodsByGroup() took 0 ms.
2025-03-18 11:38:29 INFO  Utils:112 - [Utils] MethodGroupsHelper.sortMethods() took 0 ms.
2025-03-18 11:38:29 INFO  Utils:112 - [Utils] MethodGroupsHelper.collectMethodsByGroup() took 0 ms.
2025-03-18 11:38:29 INFO  Utils:112 - [Utils] MethodGroupsHelper.sortMethods() took 0 ms.
2025-03-18 11:38:29 INFO  Utils:112 - [Utils] MethodGroupsHelper.collectMethodsByGroup() took 0 ms.
2025-03-18 11:38:29 INFO  Utils:112 - [Utils] MethodGroupsHelper.sortMethods() took 0 ms.
2025-03-18 11:38:29 INFO  Utils:112 - [Utils] MethodGroupsHelper.collectMethodsByGroup() took 0 ms.
2025-03-18 11:38:29 INFO  Utils:112 - [Utils] MethodGroupsHelper.sortMethods() took 0 ms.
2025-03-18 11:38:29 INFO  Utils:112 - [Utils] MethodGroupsHelper.collectMethodsByGroup() took 0 ms.
2025-03-18 11:38:29 INFO  Utils:112 - [Utils] MethodGroupsHelper.sortMethods() took 0 ms.
2025-03-18 11:38:29 INFO  Utils:112 - [Utils] MethodGroupsHelper.collectMethodsByGroup() took 0 ms.
2025-03-18 11:38:29 INFO  Utils:112 - [Utils] MethodGroupsHelper.sortMethods() took 0 ms.
2025-03-18 11:38:29 INFO  Utils:112 - [Utils] MethodGroupsHelper.collectMethodsByGroup() took 2 ms.
2025-03-18 11:38:29 INFO  Utils:112 - [Utils] MethodGroupsHelper.sortMethods() took 0 ms.
2025-03-18 11:38:29 INFO  Utils:112 - [Utils] MethodGroupsHelper.collectMethodsByGroup() took 0 ms.
2025-03-18 11:38:29 INFO  Utils:112 - [Utils] MethodGroupsHelper.sortMethods() took 0 ms.
2025-03-18 11:38:29 INFO  Utils:112 - [Utils] MethodGroupsHelper.collectMethodsByGroup() took 0 ms.
2025-03-18 11:38:29 INFO  Utils:112 - [Utils] MethodGroupsHelper.sortMethods() took 0 ms.
2025-03-18 11:38:29 INFO  Utils:112 - [TestNG] Running:
  C:\Users\mp66995\AppData\Local\Temp\testng-eclipse-882767335\testng-customsuite.xml

2025-03-18 11:38:29 INFO  Utils:112 - [Utils] DynamicGraphHelper.createDynamicGraph() took 18 ms.
2025-03-18 11:38:30 INFO  Utils:112 - [TestNG] Time taken by org.testng.reporters.jq.Main@32232e55: 324 ms
2025-03-18 11:38:30 INFO  Utils:112 - [TestNG] Time taken by org.testng.reporters.FailedReporter@6b5176f2: 47 ms
2025-03-18 11:38:30 INFO  Utils:112 - [TestNG] Time taken by org.testng.reporters.XMLReporter@7f811d00: 38 ms
2025-03-18 11:38:30 INFO  Utils:112 - [TestNG] Time taken by org.testng.reporters.EmailableReporter2@3f19b8b3: 27 ms
2025-03-18 11:38:30 INFO  Utils:112 - [TestNG] Time taken by org.testng.reporters.JUnitReportReporter@21526f6c: 38 ms
2025-03-18 11:38:30 INFO  Utils:112 - [TestNG] Time taken by org.testng.internal.ExitCodeListener@49f5c307: 0 ms
2025-03-18 11:42:45 INFO  Utils:112 - [Utils] MethodGroupsHelper.collectMethodsByGroup() took 2 ms.
2025-03-18 11:42:45 INFO  Utils:112 - [Utils] MethodGroupsHelper.sortMethods() took 4 ms.
2025-03-18 11:42:45 INFO  Utils:112 - [Utils] MethodGroupsHelper.collectMethodsByGroup() took 0 ms.
2025-03-18 11:42:45 INFO  Utils:112 - [Utils] MethodGroupsHelper.sortMethods() took 0 ms.
2025-03-18 11:42:45 INFO  Utils:112 - [Utils] MethodGroupsHelper.collectMethodsByGroup() took 0 ms.
2025-03-18 11:42:45 INFO  Utils:112 - [Utils] MethodGroupsHelper.sortMethods() took 0 ms.
2025-03-18 11:42:45 INFO  Utils:112 - [Utils] MethodGroupsHelper.collectMethodsByGroup() took 0 ms.
2025-03-18 11:42:45 INFO  Utils:112 - [Utils] MethodGroupsHelper.sortMethods() took 0 ms.
2025-03-18 11:42:45 INFO  Utils:112 - [Utils] MethodGroupsHelper.collectMethodsByGroup() took 9 ms.
2025-03-18 11:42:45 INFO  Utils:112 - [Utils] MethodGroupsHelper.sortMethods() took 42 ms.
2025-03-18 11:42:45 INFO  Utils:112 - [Utils] MethodGroupsHelper.collectMethodsByGroup() took 0 ms.
2025-03-18 11:42:45 INFO  Utils:112 - [Utils] MethodGroupsHelper.sortMethods() took 0 ms.
2025-03-18 11:42:45 INFO  Utils:112 - [Utils] MethodGroupsHelper.collectMethodsByGroup() took 0 ms.
2025-03-18 11:42:45 INFO  Utils:112 - [Utils] MethodGroupsHelper.sortMethods() took 0 ms.
2025-03-18 11:42:45 INFO  Utils:112 - [Utils] MethodGroupsHelper.collectMethodsByGroup() took 0 ms.
2025-03-18 11:42:45 INFO  Utils:112 - [Utils] MethodGroupsHelper.sortMethods() took 0 ms.
2025-03-18 11:42:45 INFO  Utils:112 - [Utils] MethodGroupsHelper.collectMethodsByGroup() took 0 ms.
2025-03-18 11:42:45 INFO  Utils:112 - [Utils] MethodGroupsHelper.sortMethods() took 0 ms.
2025-03-18 11:42:45 INFO  Utils:112 - [Utils] MethodGroupsHelper.collectMethodsByGroup() took 0 ms.
2025-03-18 11:42:45 INFO  Utils:112 - [Utils] MethodGroupsHelper.sortMethods() took 0 ms.
2025-03-18 11:42:45 INFO  Utils:112 - [Utils] MethodGroupsHelper.collectMethodsByGroup() took 0 ms.
2025-03-18 11:42:45 INFO  Utils:112 - [Utils] MethodGroupsHelper.sortMethods() took 0 ms.
2025-03-18 11:42:45 INFO  Utils:112 - [Utils] MethodGroupsHelper.collectMethodsByGroup() took 0 ms.
2025-03-18 11:42:45 INFO  Utils:112 - [Utils] MethodGroupsHelper.sortMethods() took 0 ms.
2025-03-18 11:42:45 INFO  Utils:112 - [Utils] MethodGroupsHelper.collectMethodsByGroup() took 1 ms.
2025-03-18 11:42:45 INFO  Utils:112 - [Utils] MethodGroupsHelper.sortMethods() took 1 ms.
2025-03-18 11:42:45 INFO  Utils:112 - [Utils] MethodGroupsHelper.collectMethodsByGroup() took 0 ms.
2025-03-18 11:42:45 INFO  Utils:112 - [Utils] MethodGroupsHelper.sortMethods() took 0 ms.
2025-03-18 11:42:45 INFO  Utils:112 - [Utils] MethodGroupsHelper.collectMethodsByGroup() took 0 ms.
2025-03-18 11:42:45 INFO  Utils:112 - [Utils] MethodGroupsHelper.sortMethods() took 0 ms.
2025-03-18 11:42:45 INFO  Utils:112 - [TestNG] Running:
  C:\Users\mp66995\AppData\Local\Temp\testng-eclipse-1081822602\testng-customsuite.xml

2025-03-18 11:42:45 INFO  Utils:112 - [Utils] DynamicGraphHelper.createDynamicGraph() took 17 ms.
2025-03-18 11:42:46 INFO  Utils:112 - [TestNG] Time taken by org.testng.reporters.jq.Main@32232e55: 588 ms
2025-03-18 11:42:46 INFO  Utils:112 - [TestNG] Time taken by org.testng.reporters.FailedReporter@6b5176f2: 57 ms
2025-03-18 11:42:46 INFO  Utils:112 - [TestNG] Time taken by org.testng.reporters.XMLReporter@7f811d00: 36 ms
2025-03-18 11:42:47 INFO  Utils:112 - [TestNG] Time taken by org.testng.reporters.EmailableReporter2@3f19b8b3: 36 ms
2025-03-18 11:42:47 INFO  Utils:112 - [TestNG] Time taken by org.testng.reporters.JUnitReportReporter@21526f6c: 42 ms
2025-03-18 11:42:47 INFO  Utils:112 - [TestNG] Time taken by org.testng.internal.ExitCodeListener@49f5c307: 0 ms
2025-03-18 11:46:28 INFO  Utils:112 - [Utils] MethodGroupsHelper.collectMethodsByGroup() took 2 ms.
2025-03-18 11:46:28 INFO  Utils:112 - [Utils] MethodGroupsHelper.sortMethods() took 4 ms.
2025-03-18 11:46:28 INFO  Utils:112 - [Utils] MethodGroupsHelper.collectMethodsByGroup() took 0 ms.
2025-03-18 11:46:28 INFO  Utils:112 - [Utils] MethodGroupsHelper.sortMethods() took 0 ms.
2025-03-18 11:46:28 INFO  Utils:112 - [Utils] MethodGroupsHelper.collectMethodsByGroup() took 0 ms.
2025-03-18 11:46:28 INFO  Utils:112 - [Utils] MethodGroupsHelper.sortMethods() took 0 ms.
2025-03-18 11:46:28 INFO  Utils:112 - [Utils] MethodGroupsHelper.collectMethodsByGroup() took 0 ms.
2025-03-18 11:46:28 INFO  Utils:112 - [Utils] MethodGroupsHelper.sortMethods() took 0 ms.
2025-03-18 11:46:28 INFO  Utils:112 - [Utils] MethodGroupsHelper.collectMethodsByGroup() took 73 ms.
2025-03-18 11:46:28 INFO  Utils:112 - [Utils] MethodGroupsHelper.sortMethods() took 136 ms.
2025-03-18 11:46:28 INFO  Utils:112 - [Utils] MethodGroupsHelper.collectMethodsByGroup() took 0 ms.
2025-03-18 11:46:28 INFO  Utils:112 - [Utils] MethodGroupsHelper.sortMethods() took 0 ms.
2025-03-18 11:46:28 INFO  Utils:112 - [Utils] MethodGroupsHelper.collectMethodsByGroup() took 0 ms.
2025-03-18 11:46:28 INFO  Utils:112 - [Utils] MethodGroupsHelper.sortMethods() took 0 ms.
2025-03-18 11:46:28 INFO  Utils:112 - [Utils] MethodGroupsHelper.collectMethodsByGroup() took 0 ms.
2025-03-18 11:46:28 INFO  Utils:112 - [Utils] MethodGroupsHelper.sortMethods() took 0 ms.
2025-03-18 11:46:28 INFO  Utils:112 - [Utils] MethodGroupsHelper.collectMethodsByGroup() took 0 ms.
2025-03-18 11:46:28 INFO  Utils:112 - [Utils] MethodGroupsHelper.sortMethods() took 0 ms.
2025-03-18 11:46:28 INFO  Utils:112 - [Utils] MethodGroupsHelper.collectMethodsByGroup() took 0 ms.
2025-03-18 11:46:28 INFO  Utils:112 - [Utils] MethodGroupsHelper.sortMethods() took 0 ms.
2025-03-18 11:46:28 INFO  Utils:112 - [Utils] MethodGroupsHelper.collectMethodsByGroup() took 0 ms.
2025-03-18 11:46:28 INFO  Utils:112 - [Utils] MethodGroupsHelper.sortMethods() took 1 ms.
2025-03-18 11:46:28 INFO  Utils:112 - [Utils] MethodGroupsHelper.collectMethodsByGroup() took 0 ms.
2025-03-18 11:46:28 INFO  Utils:112 - [Utils] MethodGroupsHelper.sortMethods() took 0 ms.
2025-03-18 11:46:28 INFO  Utils:112 - [Utils] MethodGroupsHelper.collectMethodsByGroup() took 3 ms.
2025-03-18 11:46:28 INFO  Utils:112 - [Utils] MethodGroupsHelper.sortMethods() took 0 ms.
2025-03-18 11:46:28 INFO  Utils:112 - [Utils] MethodGroupsHelper.collectMethodsByGroup() took 0 ms.
2025-03-18 11:46:28 INFO  Utils:112 - [Utils] MethodGroupsHelper.sortMethods() took 0 ms.
2025-03-18 11:46:28 INFO  Utils:112 - [Utils] MethodGroupsHelper.collectMethodsByGroup() took 0 ms.
2025-03-18 11:46:28 INFO  Utils:112 - [Utils] MethodGroupsHelper.sortMethods() took 0 ms.
2025-03-18 11:46:28 INFO  Utils:112 - [TestNG] Running:
  C:\Users\mp66995\AppData\Local\Temp\testng-eclipse-1437451535\testng-customsuite.xml

2025-03-18 11:46:28 INFO  Utils:112 - [Utils] DynamicGraphHelper.createDynamicGraph() took 18 ms.
2025-03-18 11:46:29 INFO  Utils:112 - [TestNG] Time taken by org.testng.reporters.jq.Main@32232e55: 452 ms
2025-03-18 11:46:29 INFO  Utils:112 - [TestNG] Time taken by org.testng.reporters.FailedReporter@6b5176f2: 94 ms
2025-03-18 11:46:30 INFO  Utils:112 - [TestNG] Time taken by org.testng.reporters.XMLReporter@7f811d00: 32 ms
2025-03-18 11:46:30 INFO  Utils:112 - [TestNG] Time taken by org.testng.reporters.EmailableReporter2@3f19b8b3: 25 ms
2025-03-18 11:46:30 INFO  Utils:112 - [TestNG] Time taken by org.testng.reporters.JUnitReportReporter@21526f6c: 32 ms
2025-03-18 11:46:30 INFO  Utils:112 - [TestNG] Time taken by org.testng.internal.ExitCodeListener@49f5c307: 0 ms
2025-03-18 11:52:32 INFO  Utils:112 - [TestNG] Running:
  C:\Users\mp66995\Desktop\eclipse\workspace\EXCELL_CMS\testnglogin.xml

2025-03-18 11:52:49 INFO  loginTest:13 - test login starting
2025-03-18 11:52:50 INFO  loginTest:16 - username entered
2025-03-18 11:52:50 INFO  loginTest:18 - password entered
2025-03-18 11:52:53 INFO  loginTest:21 - login page screen shot
2025-03-18 11:52:59 INFO  loginTest:23 - clicked on submit button on login page
2025-03-18 11:54:30 INFO  Utils:112 - [TestNG] Running:
  C:\Users\mp66995\Desktop\eclipse\workspace\EXCELL_CMS\testnglogin.xml

2025-03-18 11:54:45 INFO  loginTest:13 - test login starting
2025-03-18 11:54:46 INFO  loginTest:16 - username entered
2025-03-18 11:54:46 INFO  loginTest:18 - password entered
2025-03-18 11:54:49 INFO  loginTest:21 - login page screen shot
2025-03-18 11:54:55 INFO  loginTest:23 - clicked on submit button on login page
2025-03-18 11:57:52 INFO  Utils:112 - [TestNG] Running:
  C:\Users\mp66995\Desktop\eclipse\workspace\EXCELL_CMS\testnglogin.xml

2025-03-18 11:58:07 INFO  loginTest:13 - test login starting
2025-03-18 11:58:08 INFO  loginTest:16 - username entered
2025-03-18 11:58:09 INFO  loginTest:18 - password entered
2025-03-18 11:58:12 INFO  loginTest:21 - login page screen shot
2025-03-18 11:58:18 INFO  loginTest:23 - clicked on submit button on login page
2025-03-18 11:59:12 INFO  Utils:112 - [TestNG] Running:
  C:\Users\mp66995\Desktop\eclipse\workspace\EXCELL_CMS\testnglogin.xml

2025-03-18 11:59:30 INFO  loginTest:13 - test login starting
2025-03-18 11:59:30 INFO  loginTest:16 - username entered
2025-03-18 11:59:30 INFO  loginTest:18 - password entered
2025-03-18 11:59:33 INFO  loginTest:21 - login page screen shot
2025-03-18 11:59:43 INFO  loginTest:23 - clicked on submit button on login page
2025-03-18 12:00:48 INFO  Utils:112 - [TestNG] Running:
  C:\Users\mp66995\Desktop\eclipse\workspace\EXCELL_CMS\testnglogin.xml

2025-03-18 12:01:05 INFO  loginTest:13 - test login starting
2025-03-18 12:01:06 INFO  loginTest:16 - username entered
2025-03-18 12:01:06 INFO  loginTest:18 - password entered
2025-03-18 12:01:09 INFO  loginTest:21 - login page screen shot
2025-03-18 12:01:15 INFO  loginTest:23 - clicked on submit button on login page
2025-03-18 12:02:08 INFO  Utils:112 - [TestNG] Running:
  C:\Users\mp66995\Desktop\eclipse\workspace\EXCELL_CMS\testnglogin.xml

2025-03-18 12:02:22 INFO  loginTest:13 - test login starting
2025-03-18 12:02:23 INFO  loginTest:16 - username entered
2025-03-18 12:02:23 INFO  loginTest:18 - password entered
2025-03-18 12:02:26 INFO  loginTest:21 - login page screen shot
2025-03-18 12:02:32 INFO  loginTest:23 - clicked on submit button on login page
2025-03-18 12:03:48 INFO  Utils:112 - [TestNG] Running:
  C:\Users\mp66995\Desktop\eclipse\workspace\EXCELL_CMS\testnglogin.xml

2025-03-18 12:05:02 INFO  Utils:112 - [TestNG] Running:
  C:\Users\mp66995\Desktop\eclipse\workspace\EXCELL_CMS\testnglogin.xml

2025-03-18 12:05:24 INFO  loginTest:13 - test login starting
2025-03-18 12:05:25 INFO  loginTest:16 - username entered
2025-03-18 12:05:26 INFO  loginTest:18 - password entered
2025-03-18 12:05:29 INFO  loginTest:21 - login page screen shot
2025-03-18 12:05:45 INFO  loginTest:23 - clicked on submit button on login page
2025-03-18 12:06:41 INFO  Utils:112 - [TestNG] Running:
  C:\Users\mp66995\Desktop\eclipse\workspace\EXCELL_CMS\testnglogin.xml

2025-03-18 12:06:57 INFO  loginTest:13 - test login starting
2025-03-18 12:06:58 INFO  loginTest:16 - username entered
2025-03-18 12:06:59 INFO  loginTest:18 - password entered
2025-03-18 12:07:02 INFO  loginTest:21 - login page screen shot
2025-03-18 12:07:08 INFO  loginTest:23 - clicked on submit button on login page
2025-03-18 12:09:14 INFO  Utils:112 - [TestNG] Running:
  C:\Users\mp66995\Desktop\eclipse\workspace\EXCELL_CMS\testnglogin.xml

2025-03-18 12:09:29 INFO  loginTest:13 - test login starting
2025-03-18 12:09:29 INFO  loginTest:16 - username entered
2025-03-18 12:09:30 INFO  loginTest:18 - password entered
2025-03-18 12:09:32 INFO  loginTest:21 - login page screen shot
2025-03-18 12:09:39 INFO  loginTest:23 - clicked on submit button on login page
2025-03-18 12:10:49 INFO  Utils:112 - [TestNG] Running:
  C:\Users\mp66995\Desktop\eclipse\workspace\EXCELL_CMS\testnglogin.xml

2025-03-18 12:11:53 INFO  Utils:112 - [TestNG] Running:
  C:\Users\mp66995\Desktop\eclipse\workspace\EXCELL_CMS\testnglogin.xml

2025-03-18 12:12:55 INFO  Utils:112 - [TestNG] Running:
  C:\Users\mp66995\Desktop\eclipse\workspace\EXCELL_CMS\testnglogin.xml

2025-03-18 12:13:11 INFO  loginTest:13 - test login starting
2025-03-18 12:13:12 INFO  loginTest:16 - username entered
2025-03-18 12:13:12 INFO  loginTest:18 - password entered
2025-03-18 12:13:15 INFO  loginTest:21 - login page screen shot
2025-03-18 12:13:21 INFO  loginTest:23 - clicked on submit button on login page
